<html>
	<head>
		<title>Smooks Page/Site Report - Home</title>
		<link href="style.css" rel="stylesheet" type="text/css" />
	</head>
	<body class="indented">
		<div class='pagetitle'>Browser List</div>
<div class='pagelink'><a href='msie6w/srpagelist.html'>Internet Explorer 6 (Windows)</a></div>
<div class='pagelink'><a href='firefox/srpagelist.html'>Mozilla Firefox</a></div>
	</body>
</html>