<root>
	<trackingNumber>
 Speedy:ZX5-20030294-731
</trackingNumber>
</root>