<html>
	<head>
		<title>Smooks Node Report</title>
		<link href="../style.css" rel="stylesheet" type="text/css" />
	</head>
	<body>
<div id='nrsummary'>
<p class='nrsourcetitle'>Source Page URI:</p><p id='nrsourcedata'> <i>&lt;base-uri&gt;</i>/request-page.html</p>
<p class='nrsourcetitle'>Node XPath:</p><p id='nrsourcedata'>/html/body/j</p>
</div>
<div id='nrdetail'>
<div id='nrheader'>
<span class='nridheader'>ID</span><span class='nrdescheader'>Description</span><span class='nrsuggestheader'>Suggestions</span>
</div>
<div class='nrrow nrrowodd'>
<span class='nrid'>
<b>ERROR</b>: 'id' &lt;param&gt; not set.</span>
<span class='nrdesc'>

			The location of this <j> element may cause problems for the
			reportingtestclient browser. It can cause problem xyz...
		</span>
<span class='nrsuggest'>
<ol class='suggestionlist'>
<li>
			See <a href="http://blah.com/jxyzreport.html">J-xyz report<a> on Blah.com.
		</li>
<li>
			Move the element to ???.
		</li>
<li>
			Replace the element with ???.
		</li>
</ol>
</span>
</div>
</div>	</body>
</html>