<html>
	<head>
		<title>Smooks Page/Site Report</title>
		<link href="../style.css" rel="stylesheet" type="text/css" />
		<script type="text/javascript">
		<!--
			function popup(mylink) {
				var href;
		
				if (! window.focus) {
					return true;
				}
		
				if (typeof(mylink) == 'string') {
				   href=mylink;
				} else {
					href=mylink.href;
				}
				
				window.open(href, 'notes', 'width=800,height=500,scrollbars=yes,screenX=100,screenY=100,left=100,top=100');
				
				return false;
			}
		//-->
		</script>
	</head>
	<body class="indented">
		<div class="topnav">
				<a class="pagelink" href="../index.html">Top</a>
				<a class="pagelink" href="srpagelist.html">This Browser</a>
		</div><div class='pagetitle'>http://x.com/a/b/request-page.html</div>
<div class='reportsummary indented'>
	<b>Num Report Items</b>: 1 <a class='nextnritemlink' href='#node1_request-page.html'><img src='../down.gif' title='Goto next report item...' border='0' /></a></div><div class='srccontent indented'>
<html>
	<body>
		<p>
			Some paragraph text.
		</p>
		URL inside base URL scope should trigger testing of page.
		<a href="linked-page.jsp">linked-page.jsp</a>

		URL outside base URL scope should be ignored.
		<a href="http://y.com/c/d/foreign-page.jsp">foreign-page.jsp</a>
		
		Element g should trigger a report entry
		<g></g>
		Element j should trigger 2 report entries
		<nodereport id="node1_request-page.html" href="node1_request-page.html" onClick="return popup(this)" img-title="The following node has 1 report item.  Click for detail..."></nodereport><j></j>
	</body>
</html></div>
	</body>
</html>