<html>
	<head>
		<title>Smooks Page/Site Report</title>
		<link href="../style.css" rel="stylesheet" type="text/css" />
	</head>
	<body class="indented">
		<div class="topnav">
				<a class="pagelink" href="../index.html">Top</a>
				<a class="pagelink" href="srpagelist.html">This Browser</a>
		</div><div class='pagetitle'>Mozilla Firefox</div>
		This page lists all the web pages for which a report has been generated
		by Smooks Report Generator for the specified browser.  
		<p/>
		The <span class="pagelink-green">green</span> list
		entries are pages for which no report entries were generated i.e no <u>possible</u> issues
		were identified with the content.  The <span class="pagelink-amber">amber</span>
		list entries are pages for which report entries were generated i.e <u>possible</u> issues
		were identified with the content.<div class='pagelist'>
<div class='pagelink hasreportitems'><a href='request-page.html'>http://x.com/a/b/request-page.html</a> (1)</div>
<div class='pagelink hasreportitems'><a href='linked-page.jsp.html'>http://x.com/a/b/linked-page.jsp</a> (1)</div>
</div>
	</body>
</html>