<html>
	<head>
		<title>Smooks Node Report</title>
		<link href="../style.css" rel="stylesheet" type="text/css" />
	</head>
	<body>
<table>
<tr><td class='reportsrc'>Source Page URI:</td><td>http://x.com/a/b/request-page.html</td><tr>
<tr><td class='reportsrc'>Node XPath:</td><td>/html/body/j</td><tr>
</table>
<table class='nodereport'>
<tr><th>Description</th><th>Suggestions</th></tr>
<tr class='nodereporteven'>
<td class='nodereportdesc'>
			The <j> element not wrapped within element <fff> can result in problem ????.
		</td>
<td class='nodereportsuggest'>
<ol>
<li>
			See <a href="http://blah.com/jfffreport.html">J-fff report<a> on Blah.com.
		</li>
<li>
			Wrap the element in <fff>.
		</li>
<li>
			Replace the element with ???.
		</li>
</ol>
</td>
</tr>
</table>	</body>
</html>