<html>
	<head>
		<title>Smooks Page/Site Report - Home</title>
		<link href="style.css" rel="stylesheet" type="text/css" />
	</head>
	<body>
				<span class="pagelink"><a href="../index.html">Top...</a></span>
		<span class="pagelink"><a href="index.html">This Browser...</a></span><div class='pagetitle'>Browser List</div><div class='pagelink'><a href='msie6w/index.html'>Internet Explorer 6 (Windows)</a></div>
<div class='pagelink'><a href='firefox/index.html'>Mozilla Firefox</a></div>
	</body>
</html>