<html>
	<head>
		<title>Smooks Node Report</title>
		<link href="../style.css" rel="stylesheet" type="text/css" />
	</head>
	<body>
<table>
<tr><td class='reportsrc'>Source Page URI:</td><td>http://x.com/a/b/request-page.html</td><tr>
<tr><td class='reportsrc'>Node XPath:</td><td>/html/body/g</td><tr>
</table>
<table class='nodereport'>
<tr><th>Description</th><th>Suggestions</th></tr>
<tr class='nodereporteven'>
<td class='nodereportdesc'>
			The <g> element is not supported by the IE6 browsers on Windows.
		</td>
<td class='nodereportsuggest'>
<ol>
<li>
			Replace the element with ???
		</li>
</ol>
</td>
</tr>
</table>	</body>
</html>