<html>
	<head>
		<title>Smooks Node Report</title>
		<link href="../style.css" rel="stylesheet" type="text/css" />
	</head>
	<body>
<div id='nrsummary'>
<p class='nrsourcetitle'>Source Page URI:</p><p id='nrsourcedata'> <i>&lt;base-uri&gt;</i>/linked-page.jsp</p>
<p class='nrsourcetitle'>Node XPath:</p><p id='nrsourcedata'>/html/body/k</p>
</div>
<div id='nrdetail'>
<div id='nrheader'>
<span class='nridheader'>ID</span><span class='nrdescheader'>Description</span><span class='nrsuggestheader'>Suggestions</span>
</div>
<div class='nrrow nrrowodd'>
<span class='nrid'>
<b>ERROR</b>: 'id' &lt;param&gt; not set.</span>
<span class='nrdesc'>

			The <k> element can cause text content to be rendered incorrectly on
			some HTML browsers.
		</span>
<span class='nrsuggest'>
<ol class='suggestionlist'>
<li>
			Set the ZZZ CSS property on the element.  This will only work if ....
		</li>
<li>
			Replace the element with ???.
		</li>
</ol>
</span>
</div>
</div>	</body>
</html>