<html>
	<head>
		<title>Smooks Node Report</title>
		<link href="../style.css" rel="stylesheet" type="text/css" />
	</head>
	<body>
<table>
<tr><td class='reportsrc'>Source Page URI:</td><td>http://x.com/a/b/request-page.html</td><tr>
<tr><td class='reportsrc'>Node XPath:</td><td>/html/body/j</td><tr>
</table>
<table class='nodereport'>
<tr><th>Description</th><th>Suggestions</th></tr>
<tr class='nodereporteven'>
<td class='nodereportdesc'>
			The location of this <j> element may cause problems for the
			reportingtestclient browser. It can cause problem xyz...
		</td>
<td class='nodereportsuggest'>
<ol>
<li>
			See <a href="http://blah.com/jxyzreport.html">J-xyz report<a> on Blah.com.
		</li>
<li>
			Move the element to ???.
		</li>
<li>
			Replace the element with ???.
		</li>
</ol>
</td>
</tr>
</table>	</body>
</html>