<html>
	<head>
		<title>Smooks Page/Site Report</title>
		<link href="../style.css" rel="stylesheet" type="text/css" />
	</head>
	<body>
				<span class="pagelink"><a href="../index.html">Top...</a></span>
		<span class="pagelink"><a href="index.html">This Browser...</a></span><div class='pagetitle'>Internet Explorer 6 (Windows)</div>
<div class='pagelink'><a href='request-page.html'>http://x.com/a/b/request-page.html</a></div>
<div class='pagelink'><a href='linked-page.jsp.html'>http://x.com/a/b/linked-page.jsp</a></div>
	</body>
</html>