<html>
	<head>
		<title>Smooks Node Report</title>
		<link href="../style.css" rel="stylesheet" type="text/css" />
	</head>
	<body>
<table>
<tr><td class='reportsrc'>Source Page URI:</td><td>http://x.com/a/b/linked-page.jsp</td><tr>
<tr><td class='reportsrc'>Node XPath:</td><td>/html/body/k</td><tr>
</table>
<table class='nodereport'>
<tr><th>Description</th><th>Suggestions</th></tr>
<tr class='nodereporteven'>
<td class='nodereportdesc'>
			The <k> element can cause text content to be rendered incorrectly on
			some HTML browsers.
		</td>
<td class='nodereportsuggest'>
<ol>
<li>
			Set the ZZZ CSS property on the element.  This will only work if ....
		</li>
<li>
			Replace the element with ???.
		</li>
</ol>
</td>
</tr>
</table>	</body>
</html>